\BOOKMARK [0][-]{chapter*.2}{\376\377\000R\000e\000s\000u\000m\000e\000n}{}% 1
\BOOKMARK [0][-]{chapter.1}{\376\377\000I\000n\000t\000r\000o\000d\000u\000c\000c\000i\000\363\000n\000\040\000a\000l\000\040\000p\000r\000o\000b\000l\000e\000m\000a}{}% 2
\BOOKMARK [1][-]{section.1.1}{\376\377\000D\000e\000s\000c\000r\000i\000p\000c\000i\000\363\000n\000\040\000d\000e\000l\000\040\000p\000r\000o\000b\000l\000e\000m\000a}{chapter.1}% 3
\BOOKMARK [1][-]{section.1.2}{\376\377\000O\000b\000j\000e\000t\000i\000v\000o\000\040\000d\000e\000\040\000l\000a\000\040\000i\000n\000t\000e\000r\000f\000a\000z}{chapter.1}% 4
\BOOKMARK [1][-]{section.1.3}{\376\377\000P\000l\000a\000t\000a\000f\000o\000r\000m\000a\000\040\000y\000\040\000p\000\372\000b\000l\000i\000c\000o\000\040\000o\000b\000j\000e\000t\000i\000v\000o}{chapter.1}% 5
\BOOKMARK [1][-]{section.1.4}{\376\377\000C\000o\000n\000s\000i\000d\000e\000r\000a\000c\000i\000o\000n\000e\000s\000\040\000d\000e\000\040\000d\000i\000s\000e\000\361\000o}{chapter.1}% 6
\BOOKMARK [1][-]{section.1.5}{\376\377\000R\000e\000q\000u\000i\000s\000i\000t\000o\000s\000\040\000m\000\355\000n\000i\000m\000o\000s\000\040\000d\000e\000\040\000l\000a\000\040\000i\000n\000t\000e\000r\000f\000a\000z}{chapter.1}% 7
\BOOKMARK [0][-]{chapter.2}{\376\377\000A\000n\000t\000e\000c\000e\000d\000e\000n\000t\000e\000s}{}% 8
\BOOKMARK [0][-]{chapter.3}{\376\377\000D\000i\000s\000e\000\361\000o\000\040\000c\000e\000n\000t\000r\000a\000d\000o\000\040\000e\000n\000\040\000e\000l\000\040\000u\000s\000u\000a\000r\000i\000o}{}% 9
\BOOKMARK [1][-]{section.3.1}{\376\377\000U\000s\000u\000a\000r\000i\000o\000s\000\040\000t\000i\000p\000o}{chapter.3}% 10
\BOOKMARK [2][-]{subsection.3.1.1}{\376\377\000P\000r\000o\000f\000e\000s\000i\000o\000n\000a\000l}{section.3.1}% 11
\BOOKMARK [2][-]{subsection.3.1.2}{\376\377\000C\000l\000i\000e\000n\000t\000e}{section.3.1}% 12
\BOOKMARK [1][-]{section.3.2}{\376\377\000E\000s\000c\000e\000n\000a\000r\000i\000o\000s\000\040\000d\000e\000\040\000u\000s\000o}{chapter.3}% 13
\BOOKMARK [1][-]{section.3.3}{\376\377\000W\000i\000r\000e\000f\000r\000a\000m\000e\000s}{chapter.3}% 14
\BOOKMARK [0][-]{chapter.4}{\376\377\000I\000m\000p\000l\000e\000m\000e\000n\000t\000a\000c\000i\000\363\000n\000\040\000d\000e\000\040\000l\000a\000\040\000i\000n\000t\000e\000r\000f\000a\000z}{}% 15
\BOOKMARK [1][-]{section.4.1}{\376\377\000O\000r\000g\000a\000n\000i\000z\000a\000c\000i\000\363\000n\000\040\000d\000e\000l\000\040\000c\000\363\000d\000i\000g\000o}{chapter.4}% 16
\BOOKMARK [1][-]{section.4.2}{\376\377\000D\000i\000a\000g\000r\000a\000m\000a\000\040\000d\000e\000\040\000c\000l\000a\000s\000e\000s}{chapter.4}% 17
\BOOKMARK [1][-]{section.4.3}{\376\377\000A\000s\000p\000e\000c\000t\000o\000s\000\040\000s\000i\000g\000n\000i\000f\000i\000c\000a\000t\000i\000v\000o\000s\000\040\000d\000e\000\040\000l\000a\000\040\000i\000m\000p\000l\000e\000m\000e\000n\000t\000a\000c\000i\000\363\000n}{chapter.4}% 18
\BOOKMARK [2][-]{subsection.4.3.1}{\376\377\000I\000n\000t\000e\000r\000n\000a\000c\000i\000o\000n\000a\000l\000i\000z\000a\000c\000i\000\363\000n}{section.4.3}% 19
\BOOKMARK [2][-]{subsection.4.3.2}{\376\377\000G\000e\000s\000t\000i\000\363\000n\000\040\000d\000e\000\040\000d\000a\000t\000o\000s}{section.4.3}% 20
\BOOKMARK [2][-]{subsection.4.3.3}{\376\377\000D\000e\000c\000i\000s\000i\000o\000n\000e\000s\000\040\000d\000e\000\040\000d\000i\000s\000e\000\361\000o}{section.4.3}% 21
\BOOKMARK [2][-]{subsection.4.3.4}{\376\377\000A\000p\000l\000i\000c\000a\000c\000i\000\363\000n\000\040\000d\000e\000\040\000c\000o\000n\000c\000e\000p\000t\000o\000s\000\040\000t\000e\000\363\000r\000i\000c\000o\000s}{section.4.3}% 22
\BOOKMARK [0][-]{chapter.5}{\376\377\000T\000u\000t\000o\000r\000i\000a\000l\000\040\000/\000\040\000b\000r\000e\000v\000e\000\040\000m\000a\000n\000u\000a\000l\000\040\000d\000e\000\040\000u\000s\000u\000a\000r\000i\000o}{}% 23
\BOOKMARK [1][-]{section.5.1}{\376\377\000C\000o\000m\000p\000i\000l\000a\000c\000i\000\363\000n}{chapter.5}% 24
\BOOKMARK [1][-]{section.5.2}{\376\377\000E\000j\000e\000c\000u\000c\000i\000\363\000n}{chapter.5}% 25
\BOOKMARK [1][-]{section.5.3}{\376\377\000D\000e\000s\000c\000r\000i\000p\000c\000i\000\363\000n\000\040\000d\000e\000t\000a\000l\000l\000a\000d\000a\000\040\000d\000e\000\040\000l\000a\000s\000\040\000p\000a\000n\000t\000a\000l\000l\000a\000s}{chapter.5}% 26
\BOOKMARK [2][-]{subsection.5.3.1}{\376\377\0001\000.\000\040\000P\000a\000n\000t\000a\000l\000l\000a\000\040\000d\000e\000\040\000I\000n\000i\000c\000i\000o\000\040\000d\000e\000\040\000S\000e\000s\000i\000\363\000n\000\040\000\050\000L\000o\000g\000i\000n\000\051}{section.5.3}% 27
\BOOKMARK [2][-]{subsection.5.3.2}{\376\377\0002\000.\000\040\000P\000a\000n\000t\000a\000l\000l\000a\000\040\000d\000e\000\040\000R\000e\000g\000i\000s\000t\000r\000o}{section.5.3}% 28
\BOOKMARK [2][-]{subsection.5.3.3}{\376\377\0003\000.\000\040\000P\000a\000n\000t\000a\000l\000l\000a\000\040\000d\000e\000\040\000R\000e\000c\000u\000p\000e\000r\000a\000c\000i\000\363\000n\000\040\000d\000e\000\040\000C\000o\000n\000t\000r\000a\000s\000e\000\361\000a}{section.5.3}% 29
\BOOKMARK [2][-]{subsection.5.3.4}{\376\377\0004\000.\000\040\000M\000e\000n\000\372\000\040\000P\000r\000i\000n\000c\000i\000p\000a\000l\000\040\000d\000e\000l\000\040\000C\000l\000i\000e\000n\000t\000e}{section.5.3}% 30
\BOOKMARK [2][-]{subsection.5.3.5}{\376\377\0005\000.\000\040\000P\000a\000n\000t\000a\000l\000l\000a\000\040\000d\000e\000\040\000R\000e\000s\000e\000r\000v\000a\000\040\000d\000e\000\040\000C\000i\000t\000a\000\040\000\050\000C\000l\000i\000e\000n\000t\000e\000\051}{section.5.3}% 31
\BOOKMARK [2][-]{subsection.5.3.6}{\376\377\0006\000.\000\040\000P\000a\000n\000t\000a\000l\000l\000a\000\040\000d\000e\000\040\000A\000n\000u\000l\000a\000c\000i\000\363\000n\000\040\000d\000e\000\040\000C\000i\000t\000a\000\040\000\050\000C\000l\000i\000e\000n\000t\000e\000\051}{section.5.3}% 32
\BOOKMARK [2][-]{subsection.5.3.7}{\376\377\0007\000.\000\040\000P\000a\000n\000e\000l\000\040\000d\000e\000\040\000A\000d\000m\000i\000n\000i\000s\000t\000r\000a\000c\000i\000\363\000n\000\040\000P\000r\000i\000n\000c\000i\000p\000a\000l}{section.5.3}% 33
\BOOKMARK [2][-]{subsection.5.3.8}{\376\377\0008\000.\000\040\000P\000a\000n\000e\000l\000\040\000d\000e\000\040\000I\000n\000i\000c\000i\000o\000\040\000\050\000A\000d\000m\000i\000n\000\051}{section.5.3}% 34
\BOOKMARK [2][-]{subsection.5.3.9}{\376\377\0009\000.\000\040\000P\000a\000n\000e\000l\000\040\000d\000e\000\040\000A\000g\000e\000n\000d\000a\000\040\000\050\000A\000d\000m\000i\000n\000\051}{section.5.3}% 35
\BOOKMARK [2][-]{subsection.5.3.10}{\376\377\0001\0000\000.\000\040\000D\000i\000\341\000l\000o\000g\000o\000\040\000A\000\361\000a\000d\000i\000r\000\040\000C\000i\000t\000a\000\040\000\050\000A\000d\000m\000i\000n\000\051}{section.5.3}% 36
\BOOKMARK [2][-]{subsection.5.3.11}{\376\377\0001\0001\000.\000\040\000P\000a\000n\000e\000l\000\040\000d\000e\000\040\000C\000l\000i\000e\000n\000t\000e\000s\000\040\000\050\000A\000d\000m\000i\000n\000\051}{section.5.3}% 37
\BOOKMARK [2][-]{subsection.5.3.12}{\376\377\0001\0002\000.\000\040\000F\000i\000c\000h\000a\000\040\000d\000e\000\040\000C\000l\000i\000e\000n\000t\000e\000\040\000\050\000A\000d\000m\000i\000n\000\051}{section.5.3}% 38
\BOOKMARK [2][-]{subsection.5.3.13}{\376\377\0001\0003\000.\000\040\000P\000a\000n\000e\000l\000\040\000d\000e\000\040\000I\000n\000v\000e\000n\000t\000a\000r\000i\000o\000\040\000\050\000A\000d\000m\000i\000n\000\051}{section.5.3}% 39
\BOOKMARK [1][-]{section.5.4}{\376\377\000G\000e\000s\000t\000o\000r\000e\000s\000\040\000y\000\040\000L\000\363\000g\000i\000c\000a\000\040\000d\000e\000\040\000N\000e\000g\000o\000c\000i\000o}{chapter.5}% 40
\BOOKMARK [2][-]{subsection.5.4.1}{\376\377\000G\000e\000s\000t\000o\000r\000I\000d\000i\000o\000m\000a\000s}{section.5.4}% 41
\BOOKMARK [2][-]{subsection.5.4.2}{\376\377\000G\000e\000s\000t\000o\000r\000U\000s\000u\000a\000r\000i\000o\000s}{section.5.4}% 42
\BOOKMARK [2][-]{subsection.5.4.3}{\376\377\000G\000e\000s\000t\000o\000r\000C\000i\000t\000a\000s}{section.5.4}% 43
\BOOKMARK [1][-]{section.5.5}{\376\377\000D\000i\000\341\000l\000o\000g\000o\000s\000\040\000M\000o\000d\000a\000l\000e\000s}{chapter.5}% 44
\BOOKMARK [2][-]{subsection.5.5.1}{\376\377\000D\000i\000a\000l\000o\000g\000o\000E\000r\000r\000o\000r\000L\000o\000g\000i\000n}{section.5.5}% 45
\BOOKMARK [2][-]{subsection.5.5.2}{\376\377\000D\000i\000a\000l\000o\000g\000o\000A\000n\000a\000d\000i\000r\000C\000i\000t\000a}{section.5.5}% 46
\BOOKMARK [1][-]{section.5.6}{\376\377\000C\000a\000p\000t\000u\000r\000a\000s\000\040\000d\000e\000\040\000p\000a\000n\000t\000a\000l\000l\000a}{chapter.5}% 47
\BOOKMARK [0][-]{chapter.6}{\376\377\000D\000i\000f\000e\000r\000e\000n\000c\000i\000a\000s\000\040\000r\000e\000s\000p\000e\000c\000t\000o\000\040\000a\000l\000\040\000p\000r\000o\000t\000o\000t\000i\000p\000o}{}% 48
\BOOKMARK [1][-]{section.6.1}{\376\377\000C\000a\000m\000b\000i\000o\000s\000\040\000d\000e\000\040\000d\000i\000s\000e\000\361\000o\000\040\000j\000u\000s\000t\000i\000f\000i\000c\000a\000d\000o\000s}{chapter.6}% 49
\BOOKMARK [2][-]{subsection.6.1.1}{\376\377\000E\000l\000i\000m\000i\000n\000a\000c\000i\000\363\000n\000\040\000d\000e\000\040\000i\000c\000o\000n\000o\000g\000r\000a\000f\000\355\000a\000\040\000v\000i\000s\000u\000a\000l\000\040\000\050\000e\000m\000o\000j\000i\000s\000\051}{section.6.1}% 50
\BOOKMARK [2][-]{subsection.6.1.2}{\376\377\000E\000s\000t\000r\000u\000c\000t\000u\000r\000a\000\040\000d\000e\000\040\000d\000a\000t\000o\000s\000\040\000s\000i\000m\000p\000l\000i\000f\000i\000c\000a\000d\000a}{section.6.1}% 51
\BOOKMARK [2][-]{subsection.6.1.3}{\376\377\000V\000a\000l\000i\000d\000a\000c\000i\000o\000n\000e\000s\000\040\000m\000\341\000s\000\040\000e\000s\000t\000r\000i\000c\000t\000a\000s}{section.6.1}% 52
\BOOKMARK [2][-]{subsection.6.1.4}{\376\377\000G\000e\000s\000t\000i\000\363\000n\000\040\000d\000e\000\040\000p\000a\000n\000t\000a\000l\000l\000a\000s\000\040\000r\000e\000v\000i\000s\000a\000d\000a}{section.6.1}% 53
\BOOKMARK [2][-]{subsection.6.1.5}{\376\377\000I\000n\000t\000e\000r\000n\000a\000c\000i\000o\000n\000a\000l\000i\000z\000a\000c\000i\000\363\000n\000\040\000c\000o\000m\000p\000l\000e\000t\000a}{section.6.1}% 54
\BOOKMARK [2][-]{subsection.6.1.6}{\376\377\000C\000o\000m\000p\000o\000n\000e\000n\000t\000e\000s\000\040\000m\000\341\000s\000\040\000m\000o\000d\000u\000l\000a\000r\000e\000s}{section.6.1}% 55
\BOOKMARK [1][-]{section.6.2}{\376\377\000E\000l\000e\000m\000e\000n\000t\000o\000s\000\040\000c\000o\000n\000s\000e\000r\000v\000a\000d\000o\000s\000\040\000d\000e\000l\000\040\000p\000r\000o\000t\000o\000t\000i\000p\000o}{chapter.6}% 56
\BOOKMARK [0][-]{chapter.7}{\376\377\000C\000o\000n\000c\000l\000u\000s\000i\000o\000n\000e\000s\000\040\000y\000\040\000R\000e\000f\000l\000e\000x\000i\000\363\000n}{}% 57
\BOOKMARK [1][-]{section.7.1}{\376\377\000L\000o\000g\000r\000o\000s\000\040\000a\000l\000c\000a\000n\000z\000a\000d\000o\000s}{chapter.7}% 58
\BOOKMARK [1][-]{section.7.2}{\376\377\000A\000s\000p\000e\000c\000t\000o\000s\000\040\000m\000e\000j\000o\000r\000a\000b\000l\000e\000s}{chapter.7}% 59
\BOOKMARK [1][-]{section.7.3}{\376\377\000C\000o\000n\000c\000l\000u\000s\000i\000\363\000n\000\040\000f\000i\000n\000a\000l}{chapter.7}% 60
\BOOKMARK [0][-]{appendix.Alph1}{\376\377\000A\000n\000e\000x\000o\000s}{}% 61
\BOOKMARK [1][-]{section.Alph1.1}{\376\377\000C\000o\000m\000a\000n\000d\000o\000s\000\040\000\372\000t\000i\000l\000e\000s}{appendix.Alph1}% 62
